node.exe :  ÔÜá 
Unsupported metadata 
themeColor is 
configured in metadata 
export in /. Please 
move it to viewport 
export instead.
En línea: 1 Carácter: 1
+ & "C:\Program 
Files\nodejs/node.exe" 
"C:\Program 
Files\nodejs/node_mo 
...
+ ~~~~~~~~~~~~~~~~~~~~~
~~~~~~~~~~~~~~~~~~~~~~~
~~~~~~~~~~~~~~~~~~~~~~~
~~
    + CategoryInfo     
         : 
NotSpecified: ( ÔÜá    
 Unsupporte...export 
ins    tead.:String) 
[], Remot    eException
    + 
FullyQualifiedErrorId  
   : NativeCommandError
 
Read more: https://next
js.org/docs/app/api-ref
erence/functions/genera
te-viewport
 ÔÜá Unsupported 
metadata viewport is 
configured in metadata 
export in /. Please 
move it to viewport 
export instead.
Read more: https://next
js.org/docs/app/api-ref
erence/functions/genera
te-viewport
 ÔÜá Unsupported 
metadata themeColor is 
configured in metadata 
export in /. Please 
move it to viewport 
export instead.
Read more: https://next
js.org/docs/app/api-ref
erence/functions/genera
te-viewport
 ÔÜá Unsupported 
metadata viewport is 
configured in metadata 
export in /. Please 
move it to viewport 
export instead.
Read more: https://next
js.org/docs/app/api-ref
erence/functions/genera
te-viewport
The width(-1) and 
height(-1) of chart 
should be greater than 
0,
       please check 
the style of 
container, or the 
props width(100%) and 
height(100%),
       or add a 
minWidth(0) or 
minHeight(undefined) 
or use 
aspect(undefined) to 
control the
       height and 
width.
 ÔÜá Unsupported 
metadata themeColor is 
configured in metadata 
export in /products. 
Please move it to 
viewport export 
instead.
Read more: https://next
js.org/docs/app/api-ref
erence/functions/genera
te-viewport
 ÔÜá Unsupported 
metadata viewport is 
configured in metadata 
export in /products. 
Please move it to 
viewport export 
instead.
Read more: https://next
js.org/docs/app/api-ref
erence/functions/genera
te-viewport
 ÔÜá Unsupported 
metadata themeColor is 
configured in metadata 
export in /clients. 
Please move it to 
viewport export 
instead.
Read more: https://next
js.org/docs/app/api-ref
erence/functions/genera
te-viewport
 ÔÜá Unsupported 
metadata viewport is 
configured in metadata 
export in /clients. 
Please move it to 
viewport export 
instead.
Read more: https://next
js.org/docs/app/api-ref
erence/functions/genera
te-viewport
 ÔÜá Unsupported 
metadata themeColor is 
configured in metadata 
export in /invoices. 
Please move it to 
viewport export 
instead.
Read more: https://next
js.org/docs/app/api-ref
erence/functions/genera
te-viewport
 ÔÜá Unsupported 
metadata viewport is 
configured in metadata 
export in /invoices. 
Please move it to 
viewport export 
instead.
Read more: https://next
js.org/docs/app/api-ref
erence/functions/genera
te-viewport
 ÔÜá Unsupported 
metadata themeColor is 
configured in metadata 
export in /products. 
Please move it to 
viewport export 
instead.
Read more: https://next
js.org/docs/app/api-ref
erence/functions/genera
te-viewport
 ÔÜá Unsupported 
metadata viewport is 
configured in metadata 
export in /products. 
Please move it to 
viewport export 
instead.
Read more: https://next
js.org/docs/app/api-ref
erence/functions/genera
te-viewport
 ÔÜá Unsupported 
metadata themeColor is 
configured in metadata 
export in /clients. 
Please move it to 
viewport export 
instead.
Read more: https://next
js.org/docs/app/api-ref
erence/functions/genera
te-viewport
 ÔÜá Unsupported 
metadata viewport is 
configured in metadata 
export in /clients. 
Please move it to 
viewport export 
instead.
Read more: https://next
js.org/docs/app/api-ref
erence/functions/genera
te-viewport
 ÔÜá Unsupported 
metadata themeColor is 
configured in metadata 
export in /invoices. 
Please move it to 
viewport export 
instead.
Read more: https://next
js.org/docs/app/api-ref
erence/functions/genera
te-viewport
 ÔÜá Unsupported 
metadata viewport is 
configured in metadata 
export in /invoices. 
Please move it to 
viewport export 
instead.
Read more: https://next
js.org/docs/app/api-ref
erence/functions/genera
te-viewport
 ÔÜá Unsupported 
metadata themeColor is 
configured in metadata 
export in /_not-found. 
Please move it to 
viewport export 
instead.
Read more: https://next
js.org/docs/app/api-ref
erence/functions/genera
te-viewport
 ÔÜá Unsupported 
metadata viewport is 
configured in metadata 
export in /_not-found. 
Please move it to 
viewport export 
instead.
Read more: https://next
js.org/docs/app/api-ref
erence/functions/genera
te-viewport
 ÔÜá Unsupported 
metadata themeColor is 
configured in metadata 
export in /_not-found. 
Please move it to 
viewport export 
instead.
Read more: https://next
js.org/docs/app/api-ref
erence/functions/genera
te-viewport
 ÔÜá Unsupported 
metadata viewport is 
configured in metadata 
export in /_not-found. 
Please move it to 
viewport export 
instead.
Read more: https://next
js.org/docs/app/api-ref
erence/functions/genera
te-viewport
 ÔÜá Unsupported 
metadata themeColor is 
configured in metadata 
export in /reports. 
Please move it to 
viewport export 
instead.
Read more: https://next
js.org/docs/app/api-ref
erence/functions/genera
te-viewport
 ÔÜá Unsupported 
metadata viewport is 
configured in metadata 
export in /reports. 
Please move it to 
viewport export 
instead.
Read more: https://next
js.org/docs/app/api-ref
erence/functions/genera
te-viewport
 ÔÜá Unsupported 
metadata themeColor is 
configured in metadata 
export in /reports. 
Please move it to 
viewport export 
instead.
Read more: https://next
js.org/docs/app/api-ref
erence/functions/genera
te-viewport
 ÔÜá Unsupported 
metadata viewport is 
configured in metadata 
export in /reports. 
Please move it to 
viewport export 
instead.
Read more: https://next
js.org/docs/app/api-ref
erence/functions/genera
te-viewport
 ÔÜá Unsupported 
metadata themeColor is 
configured in metadata 
export in 
/invoices/new. Please 
move it to viewport 
export instead.
Read more: https://next
js.org/docs/app/api-ref
erence/functions/genera
te-viewport
 ÔÜá Unsupported 
metadata viewport is 
configured in metadata 
export in 
/invoices/new. Please 
move it to viewport 
export instead.
Read more: https://next
js.org/docs/app/api-ref
erence/functions/genera
te-viewport
 ÔÜá Unsupported 
metadata themeColor is 
configured in metadata 
export in 
/invoices/new. Please 
move it to viewport 
export instead.
Read more: https://next
js.org/docs/app/api-ref
erence/functions/genera
te-viewport
 ÔÜá Unsupported 
metadata viewport is 
configured in metadata 
export in 
/invoices/new. Please 
move it to viewport 
export instead.
Read more: https://next
js.org/docs/app/api-ref
erence/functions/genera
te-viewport
The width(-1) and 
height(-1) of chart 
should be greater than 
0,
       please check 
the style of 
container, or the 
props width(100%) and 
height(100%),
       or add a 
minWidth(0) or 
minHeight(undefined) 
or use 
aspect(undefined) to 
control the
       height and 
width.
[?25h
